((parts
  (((name "")
    (chunks
     (((ocaml_code  "#verbose true;;\
                   \n\
                   \nlet x = 42\
                   \n")
       (toplevel_response  "\
                          \nval x : int = 42\
                          \n")))))
   ((name blah)
    (chunks
     (((ocaml_code "6 * 7\n") (toplevel_response  "\
                                                 \n- : int = 42\
                                                 \n")))))))
 (matched false))
